../Core/Src/main.c:74:1:__io_putchar	16	static
../Core/Src/main.c:88:6:HAL_TIM_IC_CaptureCallback	24	static
../Core/Src/main.c:109:6:delayMicroseconds	24	static
../Core/Src/main.c:117:6:sendBit1	8	static
../Core/Src/main.c:127:6:sendBit0	8	static
../Core/Src/main.c:137:6:sendNecData	24	static
../Core/Src/main.c:174:5:main	16	static
../Core/Src/main.c:235:6:SystemClock_Config	96	static
../Core/Src/main.c:285:13:MX_TIM1_Init	40	static
../Core/Src/main.c:332:13:MX_TIM2_Init	40	static
../Core/Src/main.c:377:13:MX_TIM5_Init	40	static
../Core/Src/main.c:422:13:MX_TIM16_Init	80	static
../Core/Src/main.c:484:13:MX_USART2_UART_Init	8	static
../Core/Src/main.c:519:13:MX_GPIO_Init	48	static
../Core/Src/main.c:549:6:Error_Handler	4	static,ignoring_inline_asm
