18:10:44 **** Incremental Build of configuration Debug for project IR_receiver ****
make -j8 all 
arm-none-eabi-gcc "../Core/Src/main.c" -mcpu=cortex-m4 -std=gnu11 -g3 -DDEBUG -DUSE_HAL_DRIVER -DSTM32L476xx -c -I../Core/Inc -I../Drivers/STM32L4xx_HAL_Driver/Inc -I../Drivers/STM32L4xx_HAL_Driver/Inc/Legacy -I../Drivers/CMSIS/Device/ST/STM32L4xx/Include -I../Drivers/CMSIS/Include -O0 -ffunction-sections -fdata-sections -Wall -fstack-usage -fcyclomatic-complexity -MMD -MP -MF"Core/Src/main.d" -MT"Core/Src/main.o" --specs=nano.specs -mfpu=fpv4-sp-d16 -mfloat-abi=hard -mthumb -o "Core/Src/main.o"
../Core/Src/main.c: In function 'main':
../Core/Src/main.c:153:39: warning: suggest parentheses around comparison in operand of '&' [-Wparentheses]
  153 |                   if (abs(period[0]-9)<1 & abs(period[1]-4.5)<1){
      |                       ~~~~~~~~~~~~~~~~^~
arm-none-eabi-gcc -o "IR_receiver.elf" @"objects.list"   -mcpu=cortex-m4 -T"C:\Users\maela\Cloud\Projet 2A\stm\IR_receiver\STM32L476RGTX_FLASH.ld" --specs=nosys.specs -Wl,-Map="IR_receiver.map" -Wl,--gc-sections -static -u _printf_float --specs=nano.specs -mfpu=fpv4-sp-d16 -mfloat-abi=hard -mthumb -Wl,--start-group -lc -lm -Wl,--end-group
Finished building target: IR_receiver.elf
 
arm-none-eabi-size  IR_receiver.elf 
arm-none-eabi-objdump -h -S IR_receiver.elf  > "IR_receiver.list"
   text	   data	    bss	    dec	    hex	filename
  32188	    468	   4124	  36780	   8fac	IR_receiver.elf
Finished building: default.size.stdout
 
Finished building: IR_receiver.list
 

18:10:46 Build Finished. 0 errors, 1 warnings. (took 1s.672ms)

